PHP Warning:  include(/var/www/html/frequencia/conexao.php): Failed to open stream: No such file or directory in /var/www/html/frequencia/syncTurmas.php on line 18

Warning: include(/var/www/html/frequencia/conexao.php): Failed to open stream: No such file or directory in /var/www/html/frequencia/syncTurmas.php on line 18
PHP Warning:  include(): Failed opening '/var/www/html/frequencia/conexao.php' for inclusion (include_path='.:/usr/share/php') in /var/www/html/frequencia/syncTurmas.php on line 18

Warning: include(): Failed opening '/var/www/html/frequencia/conexao.php' for inclusion (include_path='.:/usr/share/php') in /var/www/html/frequencia/syncTurmas.php on line 18
[2026-07-18 07:00:01] ===== Início da sincronização de turmas =====
[2026-07-18 07:00:01] Turmas recebidas da catraca: 97
PHP Warning:  Undefined variable $pdo in /var/www/html/frequencia/syncTurmas.php on line 84

Warning: Undefined variable $pdo in /var/www/html/frequencia/syncTurmas.php on line 84
PHP Fatal error:  Uncaught Error: Call to a member function prepare() on null in /var/www/html/frequencia/syncTurmas.php:84
Stack trace:
#0 {main}
  thrown in /var/www/html/frequencia/syncTurmas.php on line 84

Fatal error: Uncaught Error: Call to a member function prepare() on null in /var/www/html/frequencia/syncTurmas.php:84
Stack trace:
#0 {main}
  thrown in /var/www/html/frequencia/syncTurmas.php on line 84
PHP Warning:  include(/var/www/html/frequencia/conexao.php): Failed to open stream: No such file or directory in /var/www/html/frequencia/syncTurmas.php on line 18

Warning: include(/var/www/html/frequencia/conexao.php): Failed to open stream: No such file or directory in /var/www/html/frequencia/syncTurmas.php on line 18
PHP Warning:  include(): Failed opening '/var/www/html/frequencia/conexao.php' for inclusion (include_path='.:/usr/share/php') in /var/www/html/frequencia/syncTurmas.php on line 18

Warning: include(): Failed opening '/var/www/html/frequencia/conexao.php' for inclusion (include_path='.:/usr/share/php') in /var/www/html/frequencia/syncTurmas.php on line 18
[2026-07-19 07:00:01] ===== Início da sincronização de turmas =====
[2026-07-19 07:00:01] Turmas recebidas da catraca: 97
PHP Warning:  Undefined variable $pdo in /var/www/html/frequencia/syncTurmas.php on line 84

Warning: Undefined variable $pdo in /var/www/html/frequencia/syncTurmas.php on line 84
PHP Fatal error:  Uncaught Error: Call to a member function prepare() on null in /var/www/html/frequencia/syncTurmas.php:84
Stack trace:
#0 {main}
  thrown in /var/www/html/frequencia/syncTurmas.php on line 84

Fatal error: Uncaught Error: Call to a member function prepare() on null in /var/www/html/frequencia/syncTurmas.php:84
Stack trace:
#0 {main}
  thrown in /var/www/html/frequencia/syncTurmas.php on line 84
PHP Warning:  include(/var/www/html/frequencia/conexao.php): Failed to open stream: No such file or directory in /var/www/html/frequencia/syncTurmas.php on line 18

Warning: include(/var/www/html/frequencia/conexao.php): Failed to open stream: No such file or directory in /var/www/html/frequencia/syncTurmas.php on line 18
PHP Warning:  include(): Failed opening '/var/www/html/frequencia/conexao.php' for inclusion (include_path='.:/usr/share/php') in /var/www/html/frequencia/syncTurmas.php on line 18

Warning: include(): Failed opening '/var/www/html/frequencia/conexao.php' for inclusion (include_path='.:/usr/share/php') in /var/www/html/frequencia/syncTurmas.php on line 18
[2026-07-20 07:00:01] ===== Início da sincronização de turmas =====
[2026-07-20 07:00:01] Turmas recebidas da catraca: 97
PHP Warning:  Undefined variable $pdo in /var/www/html/frequencia/syncTurmas.php on line 84

Warning: Undefined variable $pdo in /var/www/html/frequencia/syncTurmas.php on line 84
PHP Fatal error:  Uncaught Error: Call to a member function prepare() on null in /var/www/html/frequencia/syncTurmas.php:84
Stack trace:
#0 {main}
  thrown in /var/www/html/frequencia/syncTurmas.php on line 84

Fatal error: Uncaught Error: Call to a member function prepare() on null in /var/www/html/frequencia/syncTurmas.php:84
Stack trace:
#0 {main}
  thrown in /var/www/html/frequencia/syncTurmas.php on line 84
PHP Warning:  include(/var/www/html/frequencia/conexao.php): Failed to open stream: No such file or directory in /var/www/html/frequencia/syncTurmas.php on line 18

Warning: include(/var/www/html/frequencia/conexao.php): Failed to open stream: No such file or directory in /var/www/html/frequencia/syncTurmas.php on line 18
PHP Warning:  include(): Failed opening '/var/www/html/frequencia/conexao.php' for inclusion (include_path='.:/usr/share/php') in /var/www/html/frequencia/syncTurmas.php on line 18

Warning: include(): Failed opening '/var/www/html/frequencia/conexao.php' for inclusion (include_path='.:/usr/share/php') in /var/www/html/frequencia/syncTurmas.php on line 18
[2026-07-21 07:00:01] ===== Início da sincronização de turmas =====
[2026-07-21 07:00:01] Turmas recebidas da catraca: 98
PHP Warning:  Undefined variable $pdo in /var/www/html/frequencia/syncTurmas.php on line 84

Warning: Undefined variable $pdo in /var/www/html/frequencia/syncTurmas.php on line 84
PHP Fatal error:  Uncaught Error: Call to a member function prepare() on null in /var/www/html/frequencia/syncTurmas.php:84
Stack trace:
#0 {main}
  thrown in /var/www/html/frequencia/syncTurmas.php on line 84

Fatal error: Uncaught Error: Call to a member function prepare() on null in /var/www/html/frequencia/syncTurmas.php:84
Stack trace:
#0 {main}
  thrown in /var/www/html/frequencia/syncTurmas.php on line 84
PHP Warning:  include(/var/www/html/frequencia/conexao.php): Failed to open stream: No such file or directory in /var/www/html/frequencia/syncTurmas.php on line 18

Warning: include(/var/www/html/frequencia/conexao.php): Failed to open stream: No such file or directory in /var/www/html/frequencia/syncTurmas.php on line 18
PHP Warning:  include(): Failed opening '/var/www/html/frequencia/conexao.php' for inclusion (include_path='.:/usr/share/php') in /var/www/html/frequencia/syncTurmas.php on line 18

Warning: include(): Failed opening '/var/www/html/frequencia/conexao.php' for inclusion (include_path='.:/usr/share/php') in /var/www/html/frequencia/syncTurmas.php on line 18
[2026-07-22 07:00:01] ===== Início da sincronização de turmas =====
[2026-07-22 07:00:01] Turmas recebidas da catraca: 98
PHP Warning:  Undefined variable $pdo in /var/www/html/frequencia/syncTurmas.php on line 84

Warning: Undefined variable $pdo in /var/www/html/frequencia/syncTurmas.php on line 84
PHP Fatal error:  Uncaught Error: Call to a member function prepare() on null in /var/www/html/frequencia/syncTurmas.php:84
Stack trace:
#0 {main}
  thrown in /var/www/html/frequencia/syncTurmas.php on line 84

Fatal error: Uncaught Error: Call to a member function prepare() on null in /var/www/html/frequencia/syncTurmas.php:84
Stack trace:
#0 {main}
  thrown in /var/www/html/frequencia/syncTurmas.php on line 84
PHP Warning:  include(/var/www/html/frequencia/conexao.php): Failed to open stream: No such file or directory in /var/www/html/frequencia/syncTurmas.php on line 18

Warning: include(/var/www/html/frequencia/conexao.php): Failed to open stream: No such file or directory in /var/www/html/frequencia/syncTurmas.php on line 18
PHP Warning:  include(): Failed opening '/var/www/html/frequencia/conexao.php' for inclusion (include_path='.:/usr/share/php') in /var/www/html/frequencia/syncTurmas.php on line 18

Warning: include(): Failed opening '/var/www/html/frequencia/conexao.php' for inclusion (include_path='.:/usr/share/php') in /var/www/html/frequencia/syncTurmas.php on line 18
[2026-07-23 07:00:01] ===== Início da sincronização de turmas =====
[2026-07-23 07:00:01] Turmas recebidas da catraca: 98
PHP Warning:  Undefined variable $pdo in /var/www/html/frequencia/syncTurmas.php on line 84

Warning: Undefined variable $pdo in /var/www/html/frequencia/syncTurmas.php on line 84
PHP Fatal error:  Uncaught Error: Call to a member function prepare() on null in /var/www/html/frequencia/syncTurmas.php:84
Stack trace:
#0 {main}
  thrown in /var/www/html/frequencia/syncTurmas.php on line 84

Fatal error: Uncaught Error: Call to a member function prepare() on null in /var/www/html/frequencia/syncTurmas.php:84
Stack trace:
#0 {main}
  thrown in /var/www/html/frequencia/syncTurmas.php on line 84
PHP Warning:  include(/var/www/html/frequencia/conexao.php): Failed to open stream: No such file or directory in /var/www/html/frequencia/syncTurmas.php on line 18

Warning: include(/var/www/html/frequencia/conexao.php): Failed to open stream: No such file or directory in /var/www/html/frequencia/syncTurmas.php on line 18
PHP Warning:  include(): Failed opening '/var/www/html/frequencia/conexao.php' for inclusion (include_path='.:/usr/share/php') in /var/www/html/frequencia/syncTurmas.php on line 18

Warning: include(): Failed opening '/var/www/html/frequencia/conexao.php' for inclusion (include_path='.:/usr/share/php') in /var/www/html/frequencia/syncTurmas.php on line 18
[2026-07-24 07:00:01] ===== Início da sincronização de turmas =====
[2026-07-24 07:00:01] Turmas recebidas da catraca: 98
PHP Warning:  Undefined variable $pdo in /var/www/html/frequencia/syncTurmas.php on line 84

Warning: Undefined variable $pdo in /var/www/html/frequencia/syncTurmas.php on line 84
PHP Fatal error:  Uncaught Error: Call to a member function prepare() on null in /var/www/html/frequencia/syncTurmas.php:84
Stack trace:
#0 {main}
  thrown in /var/www/html/frequencia/syncTurmas.php on line 84

Fatal error: Uncaught Error: Call to a member function prepare() on null in /var/www/html/frequencia/syncTurmas.php:84
Stack trace:
#0 {main}
  thrown in /var/www/html/frequencia/syncTurmas.php on line 84
PHP Warning:  include(/var/www/html/frequencia/conexao.php): Failed to open stream: No such file or directory in /var/www/html/frequencia/syncTurmas.php on line 18

Warning: include(/var/www/html/frequencia/conexao.php): Failed to open stream: No such file or directory in /var/www/html/frequencia/syncTurmas.php on line 18
PHP Warning:  include(): Failed opening '/var/www/html/frequencia/conexao.php' for inclusion (include_path='.:/usr/share/php') in /var/www/html/frequencia/syncTurmas.php on line 18

Warning: include(): Failed opening '/var/www/html/frequencia/conexao.php' for inclusion (include_path='.:/usr/share/php') in /var/www/html/frequencia/syncTurmas.php on line 18
[2026-07-25 07:00:02] ===== Início da sincronização de turmas =====
[2026-07-25 07:00:02] Turmas recebidas da catraca: 98
PHP Warning:  Undefined variable $pdo in /var/www/html/frequencia/syncTurmas.php on line 84

Warning: Undefined variable $pdo in /var/www/html/frequencia/syncTurmas.php on line 84
PHP Fatal error:  Uncaught Error: Call to a member function prepare() on null in /var/www/html/frequencia/syncTurmas.php:84
Stack trace:
#0 {main}
  thrown in /var/www/html/frequencia/syncTurmas.php on line 84

Fatal error: Uncaught Error: Call to a member function prepare() on null in /var/www/html/frequencia/syncTurmas.php:84
Stack trace:
#0 {main}
  thrown in /var/www/html/frequencia/syncTurmas.php on line 84
PHP Warning:  include(/var/www/html/frequencia/conexao.php): Failed to open stream: No such file or directory in /var/www/html/frequencia/syncTurmas.php on line 18

Warning: include(/var/www/html/frequencia/conexao.php): Failed to open stream: No such file or directory in /var/www/html/frequencia/syncTurmas.php on line 18
PHP Warning:  include(): Failed opening '/var/www/html/frequencia/conexao.php' for inclusion (include_path='.:/usr/share/php') in /var/www/html/frequencia/syncTurmas.php on line 18

Warning: include(): Failed opening '/var/www/html/frequencia/conexao.php' for inclusion (include_path='.:/usr/share/php') in /var/www/html/frequencia/syncTurmas.php on line 18
[2026-07-26 07:00:01] ===== Início da sincronização de turmas =====
[2026-07-26 07:00:01] Turmas recebidas da catraca: 98
PHP Warning:  Undefined variable $pdo in /var/www/html/frequencia/syncTurmas.php on line 84

Warning: Undefined variable $pdo in /var/www/html/frequencia/syncTurmas.php on line 84
PHP Fatal error:  Uncaught Error: Call to a member function prepare() on null in /var/www/html/frequencia/syncTurmas.php:84
Stack trace:
#0 {main}
  thrown in /var/www/html/frequencia/syncTurmas.php on line 84

Fatal error: Uncaught Error: Call to a member function prepare() on null in /var/www/html/frequencia/syncTurmas.php:84
Stack trace:
#0 {main}
  thrown in /var/www/html/frequencia/syncTurmas.php on line 84
PHP Warning:  include(/var/www/html/frequencia/conexao.php): Failed to open stream: No such file or directory in /var/www/html/frequencia/syncTurmas.php on line 18

Warning: include(/var/www/html/frequencia/conexao.php): Failed to open stream: No such file or directory in /var/www/html/frequencia/syncTurmas.php on line 18
PHP Warning:  include(): Failed opening '/var/www/html/frequencia/conexao.php' for inclusion (include_path='.:/usr/share/php') in /var/www/html/frequencia/syncTurmas.php on line 18

Warning: include(): Failed opening '/var/www/html/frequencia/conexao.php' for inclusion (include_path='.:/usr/share/php') in /var/www/html/frequencia/syncTurmas.php on line 18
[2026-07-27 07:00:01] ===== Início da sincronização de turmas =====
[2026-07-27 07:00:01] Turmas recebidas da catraca: 98
PHP Warning:  Undefined variable $pdo in /var/www/html/frequencia/syncTurmas.php on line 84

Warning: Undefined variable $pdo in /var/www/html/frequencia/syncTurmas.php on line 84
PHP Fatal error:  Uncaught Error: Call to a member function prepare() on null in /var/www/html/frequencia/syncTurmas.php:84
Stack trace:
#0 {main}
  thrown in /var/www/html/frequencia/syncTurmas.php on line 84

Fatal error: Uncaught Error: Call to a member function prepare() on null in /var/www/html/frequencia/syncTurmas.php:84
Stack trace:
#0 {main}
  thrown in /var/www/html/frequencia/syncTurmas.php on line 84
PHP Warning:  include(/var/www/html/frequencia/conexao.php): Failed to open stream: No such file or directory in /var/www/html/frequencia/syncTurmas.php on line 18

Warning: include(/var/www/html/frequencia/conexao.php): Failed to open stream: No such file or directory in /var/www/html/frequencia/syncTurmas.php on line 18
PHP Warning:  include(): Failed opening '/var/www/html/frequencia/conexao.php' for inclusion (include_path='.:/usr/share/php') in /var/www/html/frequencia/syncTurmas.php on line 18

Warning: include(): Failed opening '/var/www/html/frequencia/conexao.php' for inclusion (include_path='.:/usr/share/php') in /var/www/html/frequencia/syncTurmas.php on line 18
[2026-07-28 07:00:01] ===== Início da sincronização de turmas =====
[2026-07-28 07:00:01] Turmas recebidas da catraca: 98
PHP Warning:  Undefined variable $pdo in /var/www/html/frequencia/syncTurmas.php on line 84

Warning: Undefined variable $pdo in /var/www/html/frequencia/syncTurmas.php on line 84
PHP Fatal error:  Uncaught Error: Call to a member function prepare() on null in /var/www/html/frequencia/syncTurmas.php:84
Stack trace:
#0 {main}
  thrown in /var/www/html/frequencia/syncTurmas.php on line 84

Fatal error: Uncaught Error: Call to a member function prepare() on null in /var/www/html/frequencia/syncTurmas.php:84
Stack trace:
#0 {main}
  thrown in /var/www/html/frequencia/syncTurmas.php on line 84
PHP Warning:  include(/var/www/html/frequencia/conexao.php): Failed to open stream: No such file or directory in /var/www/html/frequencia/syncTurmas.php on line 18

Warning: include(/var/www/html/frequencia/conexao.php): Failed to open stream: No such file or directory in /var/www/html/frequencia/syncTurmas.php on line 18
PHP Warning:  include(): Failed opening '/var/www/html/frequencia/conexao.php' for inclusion (include_path='.:/usr/share/php') in /var/www/html/frequencia/syncTurmas.php on line 18

Warning: include(): Failed opening '/var/www/html/frequencia/conexao.php' for inclusion (include_path='.:/usr/share/php') in /var/www/html/frequencia/syncTurmas.php on line 18
[2026-07-29 07:00:01] ===== Início da sincronização de turmas =====
[2026-07-29 07:00:01] Turmas recebidas da catraca: 101
PHP Warning:  Undefined variable $pdo in /var/www/html/frequencia/syncTurmas.php on line 84

Warning: Undefined variable $pdo in /var/www/html/frequencia/syncTurmas.php on line 84
PHP Fatal error:  Uncaught Error: Call to a member function prepare() on null in /var/www/html/frequencia/syncTurmas.php:84
Stack trace:
#0 {main}
  thrown in /var/www/html/frequencia/syncTurmas.php on line 84

Fatal error: Uncaught Error: Call to a member function prepare() on null in /var/www/html/frequencia/syncTurmas.php:84
Stack trace:
#0 {main}
  thrown in /var/www/html/frequencia/syncTurmas.php on line 84
PHP Warning:  include(/var/www/html/frequencia/conexao.php): Failed to open stream: No such file or directory in /var/www/html/frequencia/syncTurmas.php on line 18

Warning: include(/var/www/html/frequencia/conexao.php): Failed to open stream: No such file or directory in /var/www/html/frequencia/syncTurmas.php on line 18
PHP Warning:  include(): Failed opening '/var/www/html/frequencia/conexao.php' for inclusion (include_path='.:/usr/share/php') in /var/www/html/frequencia/syncTurmas.php on line 18

Warning: include(): Failed opening '/var/www/html/frequencia/conexao.php' for inclusion (include_path='.:/usr/share/php') in /var/www/html/frequencia/syncTurmas.php on line 18
[2026-07-30 07:00:01] ===== Início da sincronização de turmas =====
[2026-07-30 07:00:01] Turmas recebidas da catraca: 104
PHP Warning:  Undefined variable $pdo in /var/www/html/frequencia/syncTurmas.php on line 84

Warning: Undefined variable $pdo in /var/www/html/frequencia/syncTurmas.php on line 84
PHP Fatal error:  Uncaught Error: Call to a member function prepare() on null in /var/www/html/frequencia/syncTurmas.php:84
Stack trace:
#0 {main}
  thrown in /var/www/html/frequencia/syncTurmas.php on line 84

Fatal error: Uncaught Error: Call to a member function prepare() on null in /var/www/html/frequencia/syncTurmas.php:84
Stack trace:
#0 {main}
  thrown in /var/www/html/frequencia/syncTurmas.php on line 84
PHP Warning:  include(/var/www/html/frequencia/conexao.php): Failed to open stream: No such file or directory in /var/www/html/frequencia/syncTurmas.php on line 18

Warning: include(/var/www/html/frequencia/conexao.php): Failed to open stream: No such file or directory in /var/www/html/frequencia/syncTurmas.php on line 18
PHP Warning:  include(): Failed opening '/var/www/html/frequencia/conexao.php' for inclusion (include_path='.:/usr/share/php') in /var/www/html/frequencia/syncTurmas.php on line 18

Warning: include(): Failed opening '/var/www/html/frequencia/conexao.php' for inclusion (include_path='.:/usr/share/php') in /var/www/html/frequencia/syncTurmas.php on line 18
[2026-07-31 07:00:01] ===== Início da sincronização de turmas =====
[2026-07-31 07:00:01] Turmas recebidas da catraca: 105
PHP Warning:  Undefined variable $pdo in /var/www/html/frequencia/syncTurmas.php on line 84

Warning: Undefined variable $pdo in /var/www/html/frequencia/syncTurmas.php on line 84
PHP Fatal error:  Uncaught Error: Call to a member function prepare() on null in /var/www/html/frequencia/syncTurmas.php:84
Stack trace:
#0 {main}
  thrown in /var/www/html/frequencia/syncTurmas.php on line 84

Fatal error: Uncaught Error: Call to a member function prepare() on null in /var/www/html/frequencia/syncTurmas.php:84
Stack trace:
#0 {main}
  thrown in /var/www/html/frequencia/syncTurmas.php on line 84
PHP Warning:  include(/var/www/html/frequencia/conexao.php): Failed to open stream: No such file or directory in /var/www/html/frequencia/syncTurmas.php on line 18

Warning: include(/var/www/html/frequencia/conexao.php): Failed to open stream: No such file or directory in /var/www/html/frequencia/syncTurmas.php on line 18
PHP Warning:  include(): Failed opening '/var/www/html/frequencia/conexao.php' for inclusion (include_path='.:/usr/share/php') in /var/www/html/frequencia/syncTurmas.php on line 18

Warning: include(): Failed opening '/var/www/html/frequencia/conexao.php' for inclusion (include_path='.:/usr/share/php') in /var/www/html/frequencia/syncTurmas.php on line 18
[2026-08-01 07:00:01] ===== Início da sincronização de turmas =====
[2026-08-01 07:00:01] Turmas recebidas da catraca: 105
PHP Warning:  Undefined variable $pdo in /var/www/html/frequencia/syncTurmas.php on line 84

Warning: Undefined variable $pdo in /var/www/html/frequencia/syncTurmas.php on line 84
PHP Fatal error:  Uncaught Error: Call to a member function prepare() on null in /var/www/html/frequencia/syncTurmas.php:84
Stack trace:
#0 {main}
  thrown in /var/www/html/frequencia/syncTurmas.php on line 84

Fatal error: Uncaught Error: Call to a member function prepare() on null in /var/www/html/frequencia/syncTurmas.php:84
Stack trace:
#0 {main}
  thrown in /var/www/html/frequencia/syncTurmas.php on line 84
PHP Warning:  include(/var/www/html/frequencia/conexao.php): Failed to open stream: No such file or directory in /var/www/html/frequencia/syncTurmas.php on line 18

Warning: include(/var/www/html/frequencia/conexao.php): Failed to open stream: No such file or directory in /var/www/html/frequencia/syncTurmas.php on line 18
PHP Warning:  include(): Failed opening '/var/www/html/frequencia/conexao.php' for inclusion (include_path='.:/usr/share/php') in /var/www/html/frequencia/syncTurmas.php on line 18

Warning: include(): Failed opening '/var/www/html/frequencia/conexao.php' for inclusion (include_path='.:/usr/share/php') in /var/www/html/frequencia/syncTurmas.php on line 18
[2026-08-02 07:00:01] ===== Início da sincronização de turmas =====
[2026-08-02 07:00:01] Turmas recebidas da catraca: 105
PHP Warning:  Undefined variable $pdo in /var/www/html/frequencia/syncTurmas.php on line 84

Warning: Undefined variable $pdo in /var/www/html/frequencia/syncTurmas.php on line 84
PHP Fatal error:  Uncaught Error: Call to a member function prepare() on null in /var/www/html/frequencia/syncTurmas.php:84
Stack trace:
#0 {main}
  thrown in /var/www/html/frequencia/syncTurmas.php on line 84

Fatal error: Uncaught Error: Call to a member function prepare() on null in /var/www/html/frequencia/syncTurmas.php:84
Stack trace:
#0 {main}
  thrown in /var/www/html/frequencia/syncTurmas.php on line 84
PHP Warning:  include(/var/www/html/frequencia/conexao.php): Failed to open stream: No such file or directory in /var/www/html/frequencia/syncTurmas.php on line 18

Warning: include(/var/www/html/frequencia/conexao.php): Failed to open stream: No such file or directory in /var/www/html/frequencia/syncTurmas.php on line 18
PHP Warning:  include(): Failed opening '/var/www/html/frequencia/conexao.php' for inclusion (include_path='.:/usr/share/php') in /var/www/html/frequencia/syncTurmas.php on line 18

Warning: include(): Failed opening '/var/www/html/frequencia/conexao.php' for inclusion (include_path='.:/usr/share/php') in /var/www/html/frequencia/syncTurmas.php on line 18
[2026-08-03 07:00:01] ===== Início da sincronização de turmas =====
[2026-08-03 07:00:01] Turmas recebidas da catraca: 105
PHP Warning:  Undefined variable $pdo in /var/www/html/frequencia/syncTurmas.php on line 84

Warning: Undefined variable $pdo in /var/www/html/frequencia/syncTurmas.php on line 84
PHP Fatal error:  Uncaught Error: Call to a member function prepare() on null in /var/www/html/frequencia/syncTurmas.php:84
Stack trace:
#0 {main}
  thrown in /var/www/html/frequencia/syncTurmas.php on line 84

Fatal error: Uncaught Error: Call to a member function prepare() on null in /var/www/html/frequencia/syncTurmas.php:84
Stack trace:
#0 {main}
  thrown in /var/www/html/frequencia/syncTurmas.php on line 84
PHP Warning:  include(/var/www/html/frequencia/conexao.php): Failed to open stream: No such file or directory in /var/www/html/frequencia/syncTurmas.php on line 18

Warning: include(/var/www/html/frequencia/conexao.php): Failed to open stream: No such file or directory in /var/www/html/frequencia/syncTurmas.php on line 18
PHP Warning:  include(): Failed opening '/var/www/html/frequencia/conexao.php' for inclusion (include_path='.:/usr/share/php') in /var/www/html/frequencia/syncTurmas.php on line 18

Warning: include(): Failed opening '/var/www/html/frequencia/conexao.php' for inclusion (include_path='.:/usr/share/php') in /var/www/html/frequencia/syncTurmas.php on line 18
[2026-08-04 07:00:01] ===== Início da sincronização de turmas =====
[2026-08-04 07:00:01] Turmas recebidas da catraca: 107
PHP Warning:  Undefined variable $pdo in /var/www/html/frequencia/syncTurmas.php on line 84

Warning: Undefined variable $pdo in /var/www/html/frequencia/syncTurmas.php on line 84
PHP Fatal error:  Uncaught Error: Call to a member function prepare() on null in /var/www/html/frequencia/syncTurmas.php:84
Stack trace:
#0 {main}
  thrown in /var/www/html/frequencia/syncTurmas.php on line 84

Fatal error: Uncaught Error: Call to a member function prepare() on null in /var/www/html/frequencia/syncTurmas.php:84
Stack trace:
#0 {main}
  thrown in /var/www/html/frequencia/syncTurmas.php on line 84
