[02/08/2026 16:30:01] === Aprovação automática de reservas ===
[02/08/2026 16:30:01] Hora atual: 16:30:01 | Janela: até 18:30:01
[02/08/2026 16:30:01] Nenhuma reserva aguardando na janela [16:30:01 - 18:30:01].
[02/08/2026 17:00:01] === Aprovação automática de reservas ===
[02/08/2026 17:00:01] Hora atual: 17:00:01 | Janela: até 19:00:01
[02/08/2026 17:00:01] Nenhuma reserva aguardando na janela [17:00:01 - 19:00:01].
[02/08/2026 17:30:01] === Aprovação automática de reservas ===
[02/08/2026 17:30:01] Hora atual: 17:30:01 | Janela: até 19:30:01
[02/08/2026 17:30:01] Nenhuma reserva aguardando na janela [17:30:01 - 19:30:01].
[02/08/2026 18:00:01] === Aprovação automática de reservas ===
[02/08/2026 18:00:01] Hora atual: 18:00:01 | Janela: até 20:00:01
[02/08/2026 18:00:01] Nenhuma reserva aguardando na janela [18:00:01 - 20:00:01].
[02/08/2026 18:30:01] === Aprovação automática de reservas ===
[02/08/2026 18:30:01] Hora atual: 18:30:01 | Janela: até 20:30:01
[02/08/2026 18:30:01] Nenhuma reserva aguardando na janela [18:30:01 - 20:30:01].
[02/08/2026 19:00:01] === Aprovação automática de reservas ===
[02/08/2026 19:00:01] Hora atual: 19:00:01 | Janela: até 21:00:01
[02/08/2026 19:00:01] Nenhuma reserva aguardando na janela [19:00:01 - 21:00:01].
[02/08/2026 19:30:02] === Aprovação automática de reservas ===
[02/08/2026 19:30:02] Hora atual: 19:30:02 | Janela: até 21:30:02
[02/08/2026 19:30:02] Nenhuma reserva aguardando na janela [19:30:02 - 21:30:02].
[02/08/2026 20:00:01] === Aprovação automática de reservas ===
[02/08/2026 20:00:01] Hora atual: 20:00:01 | Janela: até 22:00:01
[02/08/2026 20:00:01] Nenhuma reserva aguardando na janela [20:00:01 - 22:00:01].
[02/08/2026 20:30:01] === Aprovação automática de reservas ===
[02/08/2026 20:30:01] Hora atual: 20:30:01 | Janela: até 22:30:01
[02/08/2026 20:30:01] Nenhuma reserva aguardando na janela [20:30:01 - 22:30:01].
[02/08/2026 21:00:01] === Aprovação automática de reservas ===
[02/08/2026 21:00:01] Hora atual: 21:00:01 | Janela: até 23:00:01
[02/08/2026 21:00:01] Nenhuma reserva aguardando na janela [21:00:01 - 23:00:01].
[02/08/2026 21:30:01] === Aprovação automática de reservas ===
[02/08/2026 21:30:01] Hora atual: 21:30:01 | Janela: até 23:30:01
[02/08/2026 21:30:01] Nenhuma reserva aguardando na janela [21:30:01 - 23:30:01].
[02/08/2026 22:00:01] === Aprovação automática de reservas ===
[02/08/2026 22:00:01] Hora atual: 22:00:01 | Janela: até 00:00:01
[02/08/2026 22:00:01] Nenhuma reserva aguardando na janela [22:00:01 - 00:00:01].
[02/08/2026 22:30:01] === Aprovação automática de reservas ===
[02/08/2026 22:30:01] Hora atual: 22:30:01 | Janela: até 00:30:01
[02/08/2026 22:30:01] Nenhuma reserva aguardando na janela [22:30:01 - 00:30:01].
[02/08/2026 23:00:01] === Aprovação automática de reservas ===
[02/08/2026 23:00:01] Hora atual: 23:00:01 | Janela: até 01:00:01
[02/08/2026 23:00:01] Nenhuma reserva aguardando na janela [23:00:01 - 01:00:01].
[02/08/2026 23:30:01] === Aprovação automática de reservas ===
[02/08/2026 23:30:01] Hora atual: 23:30:01 | Janela: até 01:30:01
[02/08/2026 23:30:01] Nenhuma reserva aguardando na janela [23:30:01 - 01:30:01].
[03/08/2026 00:00:01] === Aprovação automática de reservas ===
[03/08/2026 00:00:01] Hora atual: 00:00:01 | Janela: até 02:00:01
[03/08/2026 00:00:01] Nenhuma reserva aguardando na janela [00:00:01 - 02:00:01].
[03/08/2026 00:30:01] === Aprovação automática de reservas ===
[03/08/2026 00:30:01] Hora atual: 00:30:01 | Janela: até 02:30:01
[03/08/2026 00:30:01] Nenhuma reserva aguardando na janela [00:30:01 - 02:30:01].
[03/08/2026 01:00:01] === Aprovação automática de reservas ===
[03/08/2026 01:00:01] Hora atual: 01:00:01 | Janela: até 03:00:01
[03/08/2026 01:00:01] Nenhuma reserva aguardando na janela [01:00:01 - 03:00:01].
[03/08/2026 01:30:01] === Aprovação automática de reservas ===
[03/08/2026 01:30:01] Hora atual: 01:30:01 | Janela: até 03:30:01
[03/08/2026 01:30:01] Nenhuma reserva aguardando na janela [01:30:01 - 03:30:01].
[03/08/2026 02:00:01] === Aprovação automática de reservas ===
[03/08/2026 02:00:01] Hora atual: 02:00:01 | Janela: até 04:00:01
[03/08/2026 02:00:01] Nenhuma reserva aguardando na janela [02:00:01 - 04:00:01].
[03/08/2026 02:30:01] === Aprovação automática de reservas ===
[03/08/2026 02:30:01] Hora atual: 02:30:01 | Janela: até 04:30:01
[03/08/2026 02:30:01] Nenhuma reserva aguardando na janela [02:30:01 - 04:30:01].
[03/08/2026 03:00:01] === Aprovação automática de reservas ===
[03/08/2026 03:00:01] Hora atual: 03:00:01 | Janela: até 05:00:01
[03/08/2026 03:00:01] Nenhuma reserva aguardando na janela [03:00:01 - 05:00:01].
[03/08/2026 03:30:01] === Aprovação automática de reservas ===
[03/08/2026 03:30:01] Hora atual: 03:30:01 | Janela: até 05:30:01
[03/08/2026 03:30:01] Nenhuma reserva aguardando na janela [03:30:01 - 05:30:01].
[03/08/2026 04:00:01] === Aprovação automática de reservas ===
[03/08/2026 04:00:01] Hora atual: 04:00:01 | Janela: até 06:00:01
[03/08/2026 04:00:01] Nenhuma reserva aguardando na janela [04:00:01 - 06:00:01].
[03/08/2026 04:30:01] === Aprovação automática de reservas ===
[03/08/2026 04:30:01] Hora atual: 04:30:01 | Janela: até 06:30:01
[03/08/2026 04:30:01] Nenhuma reserva aguardando na janela [04:30:01 - 06:30:01].
[03/08/2026 05:00:01] === Aprovação automática de reservas ===
[03/08/2026 05:00:01] Hora atual: 05:00:01 | Janela: até 07:00:01
[03/08/2026 05:00:01] 2 reserva(s) encontrada(s) para aprovar:
[03/08/2026 05:00:01]   [ID 1805] 202A | 07:00:00→12:20:00 | HT-MEP-01-M-26-13310 | Solicitante: PATRICK ALISSON DA SILVA GONCALVES
[03/08/2026 05:00:01]     → Aprovada com sucesso.
[03/08/2026 05:00:01]   [ID 1840] 101B | 07:00:00→12:20:00 | HT-AUT-03-M-25-13310 | Solicitante: MARCIA CAROLINE DE OLIVEIRA DUARTE
[03/08/2026 05:00:01]     → Aprovada com sucesso.
[03/08/2026 05:00:01] ─────────────────────────────────────────
[03/08/2026 05:00:01] Resultado: 2 aprovada(s) | 0 erro(s).
[03/08/2026 05:00:01] =========================================
[03/08/2026 05:30:01] === Aprovação automática de reservas ===
[03/08/2026 05:30:01] Hora atual: 05:30:01 | Janela: até 07:30:01
[03/08/2026 05:30:01] Nenhuma reserva aguardando na janela [05:30:01 - 07:30:01].
[03/08/2026 06:00:01] === Aprovação automática de reservas ===
[03/08/2026 06:00:01] Hora atual: 06:00:01 | Janela: até 08:00:01
[03/08/2026 06:00:01] Nenhuma reserva aguardando na janela [06:00:01 - 08:00:01].
[03/08/2026 06:30:01] === Aprovação automática de reservas ===
[03/08/2026 06:30:01] Hora atual: 06:30:01 | Janela: até 08:30:01
[03/08/2026 06:30:01] Nenhuma reserva aguardando na janela [06:30:01 - 08:30:01].
[03/08/2026 07:00:01] === Aprovação automática de reservas ===
[03/08/2026 07:00:01] Hora atual: 07:00:01 | Janela: até 09:00:01
[03/08/2026 07:00:01] Nenhuma reserva aguardando na janela [07:00:01 - 09:00:01].
[03/08/2026 07:30:01] === Aprovação automática de reservas ===
[03/08/2026 07:30:01] Hora atual: 07:30:01 | Janela: até 09:30:01
[03/08/2026 07:30:01] Nenhuma reserva aguardando na janela [07:30:01 - 09:30:01].
[03/08/2026 08:00:01] === Aprovação automática de reservas ===
[03/08/2026 08:00:01] Hora atual: 08:00:01 | Janela: até 10:00:01
[03/08/2026 08:00:01] Nenhuma reserva aguardando na janela [08:00:01 - 10:00:01].
[03/08/2026 08:30:02] === Aprovação automática de reservas ===
[03/08/2026 08:30:02] Hora atual: 08:30:02 | Janela: até 10:30:02
[03/08/2026 08:30:02] Nenhuma reserva aguardando na janela [08:30:02 - 10:30:02].
[03/08/2026 09:00:01] === Aprovação automática de reservas ===
[03/08/2026 09:00:01] Hora atual: 09:00:01 | Janela: até 11:00:01
[03/08/2026 09:00:01] Nenhuma reserva aguardando na janela [09:00:01 - 11:00:01].
[03/08/2026 09:30:01] === Aprovação automática de reservas ===
[03/08/2026 09:30:01] Hora atual: 09:30:01 | Janela: até 11:30:01
[03/08/2026 09:30:01] Nenhuma reserva aguardando na janela [09:30:01 - 11:30:01].
[03/08/2026 10:00:01] === Aprovação automática de reservas ===
[03/08/2026 10:00:01] Hora atual: 10:00:01 | Janela: até 12:00:01
[03/08/2026 10:00:01] Nenhuma reserva aguardando na janela [10:00:01 - 12:00:01].
[03/08/2026 10:30:01] === Aprovação automática de reservas ===
[03/08/2026 10:30:01] Hora atual: 10:30:01 | Janela: até 12:30:01
[03/08/2026 10:30:01] Nenhuma reserva aguardando na janela [10:30:01 - 12:30:01].
[03/08/2026 11:00:01] === Aprovação automática de reservas ===
[03/08/2026 11:00:01] Hora atual: 11:00:01 | Janela: até 13:00:01
[03/08/2026 11:00:01] 6 reserva(s) encontrada(s) para aprovar:
[03/08/2026 11:00:01]   [ID 1006] 108A | 13:00:00→16:00:00 | EF-7A-M-11775-26 | Solicitante: MARCOS PAULO DA PAZ ROBERTO MORAIS
[03/08/2026 11:00:01]     → Aprovada com sucesso.
[03/08/2026 11:00:01]   [ID 1856] 201A | 13:00:00→17:30:00 | AI-API-03-T-26-13310 | Solicitante: PHILIPPE MATHEUS XAVIER
[03/08/2026 11:00:01]     → Aprovada com sucesso.
[03/08/2026 11:00:01]   [ID 1843] 202A | 13:00:00→17:30:00 | AI-MEL-08-T-25-13310 | Solicitante: FELIPE MATHEUS MENDONCA DE SOUZA
[03/08/2026 11:00:01]     → Aprovada com sucesso.
[03/08/2026 11:00:01]   [ID 1892] 101B | 13:00:00→17:30:00 | HT-MET-02-M-24-13310 | Solicitante: TIAGO ELIAS LEITE DE SOUZA
[03/08/2026 11:00:01]     → Aprovada com sucesso.
[03/08/2026 11:00:01]   [ID 1872] 103B | 13:00:00→17:30:00 | AI-API-02-T-26-13310 | Solicitante: THALLYSON WANDERSON EMIDIO
[03/08/2026 11:00:01]     → Aprovada com sucesso.
[03/08/2026 11:00:01]   [ID 511] TEATRO | 13:00:00→22:30:00 | FUNCIONARIOS | Solicitante: GEOVANI BENEDITO DA SILVA
[03/08/2026 11:00:01]     → Aprovada com sucesso.
[03/08/2026 11:00:01] ─────────────────────────────────────────
[03/08/2026 11:00:01] Resultado: 6 aprovada(s) | 0 erro(s).
[03/08/2026 11:00:01] =========================================
[03/08/2026 11:30:01] === Aprovação automática de reservas ===
[03/08/2026 11:30:01] Hora atual: 11:30:01 | Janela: até 13:30:01
[03/08/2026 11:30:01] Nenhuma reserva aguardando na janela [11:30:01 - 13:30:01].
[03/08/2026 12:00:01] === Aprovação automática de reservas ===
[03/08/2026 12:00:01] Hora atual: 12:00:01 | Janela: até 14:00:01
[03/08/2026 12:00:01] Nenhuma reserva aguardando na janela [12:00:01 - 14:00:01].
[03/08/2026 12:30:01] === Aprovação automática de reservas ===
[03/08/2026 12:30:01] Hora atual: 12:30:01 | Janela: até 14:30:01
[03/08/2026 12:30:01] Nenhuma reserva aguardando na janela [12:30:01 - 14:30:01].
[03/08/2026 13:00:01] === Aprovação automática de reservas ===
[03/08/2026 13:00:01] Hora atual: 13:00:01 | Janela: até 15:00:01
[03/08/2026 13:00:01] Nenhuma reserva aguardando na janela [13:00:01 - 15:00:01].
[03/08/2026 13:30:01] === Aprovação automática de reservas ===
[03/08/2026 13:30:01] Hora atual: 13:30:01 | Janela: até 15:30:01
[03/08/2026 13:30:01] Nenhuma reserva aguardando na janela [13:30:01 - 15:30:01].
[03/08/2026 14:00:01] === Aprovação automática de reservas ===
[03/08/2026 14:00:01] Hora atual: 14:00:01 | Janela: até 16:00:01
[03/08/2026 14:00:01] Nenhuma reserva aguardando na janela [14:00:01 - 16:00:01].
[03/08/2026 14:30:01] === Aprovação automática de reservas ===
[03/08/2026 14:30:01] Hora atual: 14:30:01 | Janela: até 16:30:01
[03/08/2026 14:30:01] Nenhuma reserva aguardando na janela [14:30:01 - 16:30:01].
[03/08/2026 15:00:01] === Aprovação automática de reservas ===
[03/08/2026 15:00:01] Hora atual: 15:00:01 | Janela: até 17:00:01
[03/08/2026 15:00:01] Nenhuma reserva aguardando na janela [15:00:01 - 17:00:01].
[03/08/2026 15:30:01] === Aprovação automática de reservas ===
[03/08/2026 15:30:01] Hora atual: 15:30:01 | Janela: até 17:30:01
[03/08/2026 15:30:01] Nenhuma reserva aguardando na janela [15:30:01 - 17:30:01].
[03/08/2026 16:00:01] === Aprovação automática de reservas ===
[03/08/2026 16:00:01] Hora atual: 16:00:01 | Janela: até 18:00:01
[03/08/2026 16:00:01] 3 reserva(s) encontrada(s) para aprovar:
[03/08/2026 16:00:01]   [ID 1799] 103B | 18:00:00→22:30:00 | HT-MEC-01-N-25-13310 | Solicitante: DANILO LOPES BARBOSA
[03/08/2026 16:00:01]     → Aprovada com sucesso.
[03/08/2026 16:00:01]   [ID 1810] 106B | 18:00:00→22:30:00 | HT-REC-01-N-26-13310 | Solicitante: JONAS BARBOSA CONSTANTINI DOS SANTOS
[03/08/2026 16:00:01]     → Aprovada com sucesso.
[03/08/2026 16:00:01]   [ID 1835] 107B | 18:00:00→22:30:00 | HT-AUT-01-N-25-13310 | Solicitante: JONAS BARBOSA CONSTANTINI DOS SANTOS
[03/08/2026 16:00:01]     → Aprovada com sucesso.
[03/08/2026 16:00:01] ─────────────────────────────────────────
[03/08/2026 16:00:01] Resultado: 3 aprovada(s) | 0 erro(s).
[03/08/2026 16:00:01] =========================================
[03/08/2026 16:30:01] === Aprovação automática de reservas ===
[03/08/2026 16:30:01] Hora atual: 16:30:01 | Janela: até 18:30:01
[03/08/2026 16:30:01] 1 reserva(s) encontrada(s) para aprovar:
[03/08/2026 16:30:01]   [ID 1139] 201A | 18:30:00→22:30:00 | HT-DCC-01-N-26-13310 | Solicitante: ROSANE DE CÁSSIA FLORIANO
[03/08/2026 16:30:01]     → Aprovada com sucesso.
[03/08/2026 16:30:01] ─────────────────────────────────────────
[03/08/2026 16:30:01] Resultado: 1 aprovada(s) | 0 erro(s).
[03/08/2026 16:30:01] =========================================
[03/08/2026 17:00:01] === Aprovação automática de reservas ===
[03/08/2026 17:00:01] Hora atual: 17:00:01 | Janela: até 19:00:01
[03/08/2026 17:00:01] Nenhuma reserva aguardando na janela [17:00:01 - 19:00:01].
[03/08/2026 17:30:01] === Aprovação automática de reservas ===
[03/08/2026 17:30:01] Hora atual: 17:30:01 | Janela: até 19:30:01
[03/08/2026 17:30:01] Nenhuma reserva aguardando na janela [17:30:01 - 19:30:01].
[03/08/2026 18:00:01] === Aprovação automática de reservas ===
[03/08/2026 18:00:01] Hora atual: 18:00:01 | Janela: até 20:00:01
[03/08/2026 18:00:01] Nenhuma reserva aguardando na janela [18:00:01 - 20:00:01].
[03/08/2026 18:30:01] === Aprovação automática de reservas ===
[03/08/2026 18:30:01] Hora atual: 18:30:01 | Janela: até 20:30:01
[03/08/2026 18:30:01] Nenhuma reserva aguardando na janela [18:30:01 - 20:30:01].
[03/08/2026 19:00:01] === Aprovação automática de reservas ===
[03/08/2026 19:00:01] Hora atual: 19:00:01 | Janela: até 21:00:01
[03/08/2026 19:00:01] Nenhuma reserva aguardando na janela [19:00:01 - 21:00:01].
[03/08/2026 19:30:01] === Aprovação automática de reservas ===
[03/08/2026 19:30:01] Hora atual: 19:30:01 | Janela: até 21:30:01
[03/08/2026 19:30:01] Nenhuma reserva aguardando na janela [19:30:01 - 21:30:01].
[03/08/2026 20:00:01] === Aprovação automática de reservas ===
[03/08/2026 20:00:01] Hora atual: 20:00:01 | Janela: até 22:00:01
[03/08/2026 20:00:01] Nenhuma reserva aguardando na janela [20:00:01 - 22:00:01].
[03/08/2026 20:30:01] === Aprovação automática de reservas ===
[03/08/2026 20:30:01] Hora atual: 20:30:01 | Janela: até 22:30:01
[03/08/2026 20:30:01] Nenhuma reserva aguardando na janela [20:30:01 - 22:30:01].
[03/08/2026 21:00:01] === Aprovação automática de reservas ===
[03/08/2026 21:00:01] Hora atual: 21:00:01 | Janela: até 23:00:01
[03/08/2026 21:00:01] Nenhuma reserva aguardando na janela [21:00:01 - 23:00:01].
[03/08/2026 21:30:01] === Aprovação automática de reservas ===
[03/08/2026 21:30:01] Hora atual: 21:30:01 | Janela: até 23:30:01
[03/08/2026 21:30:01] Nenhuma reserva aguardando na janela [21:30:01 - 23:30:01].
[03/08/2026 22:00:02] === Aprovação automática de reservas ===
[03/08/2026 22:00:02] Hora atual: 22:00:02 | Janela: até 00:00:02
[03/08/2026 22:00:02] Nenhuma reserva aguardando na janela [22:00:02 - 00:00:02].
[03/08/2026 22:30:01] === Aprovação automática de reservas ===
[03/08/2026 22:30:01] Hora atual: 22:30:01 | Janela: até 00:30:01
[03/08/2026 22:30:01] Nenhuma reserva aguardando na janela [22:30:01 - 00:30:01].
[03/08/2026 23:00:01] === Aprovação automática de reservas ===
[03/08/2026 23:00:01] Hora atual: 23:00:01 | Janela: até 01:00:01
[03/08/2026 23:00:01] Nenhuma reserva aguardando na janela [23:00:01 - 01:00:01].
[03/08/2026 23:30:01] === Aprovação automática de reservas ===
[03/08/2026 23:30:01] Hora atual: 23:30:01 | Janela: até 01:30:01
[03/08/2026 23:30:01] Nenhuma reserva aguardando na janela [23:30:01 - 01:30:01].
[04/08/2026 00:00:01] === Aprovação automática de reservas ===
[04/08/2026 00:00:01] Hora atual: 00:00:01 | Janela: até 02:00:01
[04/08/2026 00:00:01] Nenhuma reserva aguardando na janela [00:00:01 - 02:00:01].
[04/08/2026 00:30:01] === Aprovação automática de reservas ===
[04/08/2026 00:30:01] Hora atual: 00:30:01 | Janela: até 02:30:01
[04/08/2026 00:30:01] Nenhuma reserva aguardando na janela [00:30:01 - 02:30:01].
[04/08/2026 01:00:01] === Aprovação automática de reservas ===
[04/08/2026 01:00:01] Hora atual: 01:00:01 | Janela: até 03:00:01
[04/08/2026 01:00:01] Nenhuma reserva aguardando na janela [01:00:01 - 03:00:01].
[04/08/2026 01:30:01] === Aprovação automática de reservas ===
[04/08/2026 01:30:01] Hora atual: 01:30:01 | Janela: até 03:30:01
[04/08/2026 01:30:01] Nenhuma reserva aguardando na janela [01:30:01 - 03:30:01].
[04/08/2026 02:00:01] === Aprovação automática de reservas ===
[04/08/2026 02:00:01] Hora atual: 02:00:01 | Janela: até 04:00:01
[04/08/2026 02:00:01] Nenhuma reserva aguardando na janela [02:00:01 - 04:00:01].
[04/08/2026 02:30:01] === Aprovação automática de reservas ===
[04/08/2026 02:30:01] Hora atual: 02:30:01 | Janela: até 04:30:01
[04/08/2026 02:30:01] Nenhuma reserva aguardando na janela [02:30:01 - 04:30:01].
[04/08/2026 03:00:01] === Aprovação automática de reservas ===
[04/08/2026 03:00:01] Hora atual: 03:00:01 | Janela: até 05:00:01
[04/08/2026 03:00:01] Nenhuma reserva aguardando na janela [03:00:01 - 05:00:01].
[04/08/2026 03:30:01] === Aprovação automática de reservas ===
[04/08/2026 03:30:01] Hora atual: 03:30:01 | Janela: até 05:30:01
[04/08/2026 03:30:01] Nenhuma reserva aguardando na janela [03:30:01 - 05:30:01].
[04/08/2026 04:00:01] === Aprovação automática de reservas ===
[04/08/2026 04:00:01] Hora atual: 04:00:01 | Janela: até 06:00:01
[04/08/2026 04:00:01] Nenhuma reserva aguardando na janela [04:00:01 - 06:00:01].
[04/08/2026 04:30:01] === Aprovação automática de reservas ===
[04/08/2026 04:30:01] Hora atual: 04:30:01 | Janela: até 06:30:01
[04/08/2026 04:30:01] Nenhuma reserva aguardando na janela [04:30:01 - 06:30:01].
[04/08/2026 05:00:01] === Aprovação automática de reservas ===
[04/08/2026 05:00:01] Hora atual: 05:00:01 | Janela: até 07:00:01
[04/08/2026 05:00:01] 4 reserva(s) encontrada(s) para aprovar:
[04/08/2026 05:00:01]   [ID 1806] 202A | 07:00:00→12:20:00 | HT-MEP-01-M-26-13310 | Solicitante: PATRICK ALISSON DA SILVA GONCALVES
[04/08/2026 05:00:01]     → Aprovada com sucesso.
[04/08/2026 05:00:01]   [ID 1841] 101B | 07:00:00→12:20:00 | HT-AUT-04-M-25-13310 | Solicitante: MARCIA CAROLINE DE OLIVEIRA DUARTE
[04/08/2026 05:00:01]     → Aprovada com sucesso.
[04/08/2026 05:00:01]   [ID 1760] 103B | 07:00:00→12:20:00 | EM-2B-O-M-11775-26 | Solicitante: ERYSON FELIPE FERNANDES
[04/08/2026 05:00:01]     → Aprovada com sucesso.
[04/08/2026 05:00:01]   [ID 1895] 106B | 07:00:00→12:20:00 | HT-MET-02-M-26-13310 | Solicitante: TIAGO ELIAS LEITE DE SOUZA
[04/08/2026 05:00:01]     → Aprovada com sucesso.
[04/08/2026 05:00:01] ─────────────────────────────────────────
[04/08/2026 05:00:01] Resultado: 4 aprovada(s) | 0 erro(s).
[04/08/2026 05:00:01] =========================================
[04/08/2026 05:30:01] === Aprovação automática de reservas ===
[04/08/2026 05:30:01] Hora atual: 05:30:01 | Janela: até 07:30:01
[04/08/2026 05:30:01] 1 reserva(s) encontrada(s) para aprovar:
[04/08/2026 05:30:01]   [ID 1876] 201A | 07:30:00→11:30:00 | AI-MEL-09-M-25-13310 | Solicitante: GABRIEL HENRIQUE NOGUEIRA DA SILVA
[04/08/2026 05:30:01]     → Aprovada com sucesso.
[04/08/2026 05:30:01] ─────────────────────────────────────────
[04/08/2026 05:30:01] Resultado: 1 aprovada(s) | 0 erro(s).
[04/08/2026 05:30:01] =========================================
[04/08/2026 06:00:01] === Aprovação automática de reservas ===
[04/08/2026 06:00:01] Hora atual: 06:00:01 | Janela: até 08:00:01
[04/08/2026 06:00:01] Nenhuma reserva aguardando na janela [06:00:01 - 08:00:01].
[04/08/2026 06:30:01] === Aprovação automática de reservas ===
[04/08/2026 06:30:01] Hora atual: 06:30:01 | Janela: até 08:30:01
[04/08/2026 06:30:01] Nenhuma reserva aguardando na janela [06:30:01 - 08:30:01].
[04/08/2026 07:00:01] === Aprovação automática de reservas ===
[04/08/2026 07:00:01] Hora atual: 07:00:01 | Janela: até 09:00:01
[04/08/2026 07:00:01] Nenhuma reserva aguardando na janela [07:00:01 - 09:00:01].
[04/08/2026 07:30:01] === Aprovação automática de reservas ===
[04/08/2026 07:30:01] Hora atual: 07:30:01 | Janela: até 09:30:01
[04/08/2026 07:30:01] Nenhuma reserva aguardando na janela [07:30:01 - 09:30:01].
[04/08/2026 08:00:01] === Aprovação automática de reservas ===
[04/08/2026 08:00:01] Hora atual: 08:00:01 | Janela: até 10:00:01
[04/08/2026 08:00:01] Nenhuma reserva aguardando na janela [08:00:01 - 10:00:01].
[04/08/2026 08:30:01] === Aprovação automática de reservas ===
[04/08/2026 08:30:01] Hora atual: 08:30:01 | Janela: até 10:30:01
[04/08/2026 08:30:01] Nenhuma reserva aguardando na janela [08:30:01 - 10:30:01].
[04/08/2026 09:00:01] === Aprovação automática de reservas ===
[04/08/2026 09:00:01] Hora atual: 09:00:01 | Janela: até 11:00:01
[04/08/2026 09:00:01] Nenhuma reserva aguardando na janela [09:00:01 - 11:00:01].
[04/08/2026 09:30:01] === Aprovação automática de reservas ===
[04/08/2026 09:30:01] Hora atual: 09:30:01 | Janela: até 11:30:01
[04/08/2026 09:30:01] Nenhuma reserva aguardando na janela [09:30:01 - 11:30:01].
[04/08/2026 10:00:01] === Aprovação automática de reservas ===
[04/08/2026 10:00:01] Hora atual: 10:00:01 | Janela: até 12:00:01
[04/08/2026 10:00:01] Nenhuma reserva aguardando na janela [10:00:01 - 12:00:01].
[04/08/2026 10:30:01] === Aprovação automática de reservas ===
[04/08/2026 10:30:01] Hora atual: 10:30:01 | Janela: até 12:30:01
[04/08/2026 10:30:01] Nenhuma reserva aguardando na janela [10:30:01 - 12:30:01].
[04/08/2026 11:00:01] === Aprovação automática de reservas ===
[04/08/2026 11:00:01] Hora atual: 11:00:01 | Janela: até 13:00:01
[04/08/2026 11:00:01] 4 reserva(s) encontrada(s) para aprovar:
[04/08/2026 11:00:01]   [ID 1007] 108A | 13:00:00→16:00:00 | EF-7A-M-11775-26 | Solicitante: MARCOS PAULO DA PAZ ROBERTO MORAIS
[04/08/2026 11:00:01]     → Aprovada com sucesso.
[04/08/2026 11:00:01]   [ID 1857] 201A | 13:00:00→17:30:00 | AI-API-03-T-26-13310 | Solicitante: PHILIPPE MATHEUS XAVIER
[04/08/2026 11:00:01]     → Aprovada com sucesso.
[04/08/2026 11:00:01]   [ID 1848] 202A | 13:00:00→17:30:00 | AI-MEL-08-T-25-13310 | Solicitante: FELIPE MATHEUS MENDONCA DE SOUZA
[04/08/2026 11:00:01]     → Aprovada com sucesso.
[04/08/2026 11:00:01]   [ID 1893] 101B | 13:00:00→17:30:00 | HT-MET-02-M-24-13310 | Solicitante: TIAGO ELIAS LEITE DE SOUZA
[04/08/2026 11:00:01]     → Aprovada com sucesso.
[04/08/2026 11:00:01] ─────────────────────────────────────────
[04/08/2026 11:00:01] Resultado: 4 aprovada(s) | 0 erro(s).
[04/08/2026 11:00:01] =========================================
[04/08/2026 11:30:01] === Aprovação automática de reservas ===
[04/08/2026 11:30:01] Hora atual: 11:30:01 | Janela: até 13:30:01
[04/08/2026 11:30:01] Nenhuma reserva aguardando na janela [11:30:01 - 13:30:01].
[04/08/2026 12:00:01] === Aprovação automática de reservas ===
[04/08/2026 12:00:01] Hora atual: 12:00:01 | Janela: até 14:00:01
[04/08/2026 12:00:01] Nenhuma reserva aguardando na janela [12:00:01 - 14:00:01].
[04/08/2026 12:30:01] === Aprovação automática de reservas ===
[04/08/2026 12:30:01] Hora atual: 12:30:01 | Janela: até 14:30:01
[04/08/2026 12:30:01] Nenhuma reserva aguardando na janela [12:30:01 - 14:30:01].
[04/08/2026 13:00:01] === Aprovação automática de reservas ===
[04/08/2026 13:00:01] Hora atual: 13:00:01 | Janela: até 15:00:01
[04/08/2026 13:00:01] Nenhuma reserva aguardando na janela [13:00:01 - 15:00:01].
[04/08/2026 13:30:01] === Aprovação automática de reservas ===
[04/08/2026 13:30:01] Hora atual: 13:30:01 | Janela: até 15:30:01
[04/08/2026 13:30:01] Nenhuma reserva aguardando na janela [13:30:01 - 15:30:01].
[04/08/2026 14:00:01] === Aprovação automática de reservas ===
[04/08/2026 14:00:01] Hora atual: 14:00:01 | Janela: até 16:00:01
[04/08/2026 14:00:01] Nenhuma reserva aguardando na janela [14:00:01 - 16:00:01].
[04/08/2026 14:30:01] === Aprovação automática de reservas ===
[04/08/2026 14:30:01] Hora atual: 14:30:01 | Janela: até 16:30:01
[04/08/2026 14:30:01] Nenhuma reserva aguardando na janela [14:30:01 - 16:30:01].
[04/08/2026 15:00:01] === Aprovação automática de reservas ===
[04/08/2026 15:00:01] Hora atual: 15:00:01 | Janela: até 17:00:01
[04/08/2026 15:00:01] Nenhuma reserva aguardando na janela [15:00:01 - 17:00:01].
[04/08/2026 15:30:01] === Aprovação automática de reservas ===
[04/08/2026 15:30:01] Hora atual: 15:30:01 | Janela: até 17:30:01
[04/08/2026 15:30:01] Nenhuma reserva aguardando na janela [15:30:01 - 17:30:01].
[04/08/2026 16:00:01] === Aprovação automática de reservas ===
[04/08/2026 16:00:01] Hora atual: 16:00:01 | Janela: até 18:00:01
[04/08/2026 16:00:01] 5 reserva(s) encontrada(s) para aprovar:
[04/08/2026 16:00:01]   [ID 1940] 202A | 18:00:00→22:30:00 | HT-ETT-01-N-25-13310 | Solicitante: PHILIPPE MATHEUS XAVIER
[04/08/2026 16:00:01]     → Aprovada com sucesso.
[04/08/2026 16:00:01]   [ID 1862] 101B | 18:00:00→22:30:00 | HT-ETT-01-N-25-13310 | Solicitante: PHILIPPE MATHEUS XAVIER
[04/08/2026 16:00:01]     → Aprovada com sucesso.
[04/08/2026 16:00:01]   [ID 1800] 103B | 18:00:00→22:30:00 | HT-MEC-01-N-25-13310 | Solicitante: DANILO LOPES BARBOSA
[04/08/2026 16:00:01]     → Aprovada com sucesso.
[04/08/2026 16:00:01]   [ID 1899] 106B | 18:00:00→22:30:00 | HT-INI-01-N-26-13310 | Solicitante: ALBERT LUIZ FERREIRA
[04/08/2026 16:00:01]     → Aprovada com sucesso.
[04/08/2026 16:00:01]   [ID 1836] 107B | 18:00:00→22:30:00 | HT-AUT-01-N-25-13310 | Solicitante: JONAS BARBOSA CONSTANTINI DOS SANTOS
[04/08/2026 16:00:01]     → Aprovada com sucesso.
[04/08/2026 16:00:01] ─────────────────────────────────────────
[04/08/2026 16:00:01] Resultado: 5 aprovada(s) | 0 erro(s).
[04/08/2026 16:00:01] =========================================
[04/08/2026 16:30:01] === Aprovação automática de reservas ===
[04/08/2026 16:30:01] Hora atual: 16:30:01 | Janela: até 18:30:01
[04/08/2026 16:30:01] 1 reserva(s) encontrada(s) para aprovar:
[04/08/2026 16:30:01]   [ID 1140] 201A | 18:30:00→22:30:00 | HT-DCC-01-N-26-13310 | Solicitante: ROSANE DE CÁSSIA FLORIANO
[04/08/2026 16:30:01]     → Aprovada com sucesso.
[04/08/2026 16:30:01] ─────────────────────────────────────────
[04/08/2026 16:30:01] Resultado: 1 aprovada(s) | 0 erro(s).
[04/08/2026 16:30:01] =========================================
[04/08/2026 17:00:01] === Aprovação automática de reservas ===
[04/08/2026 17:00:01] Hora atual: 17:00:01 | Janela: até 19:00:01
[04/08/2026 17:00:01] Nenhuma reserva aguardando na janela [17:00:01 - 19:00:01].
[04/08/2026 17:30:01] === Aprovação automática de reservas ===
[04/08/2026 17:30:01] Hora atual: 17:30:01 | Janela: até 19:30:01
[04/08/2026 17:30:01] Nenhuma reserva aguardando na janela [17:30:01 - 19:30:01].
[04/08/2026 18:00:01] === Aprovação automática de reservas ===
[04/08/2026 18:00:01] Hora atual: 18:00:01 | Janela: até 20:00:01
[04/08/2026 18:00:01] Nenhuma reserva aguardando na janela [18:00:01 - 20:00:01].
[04/08/2026 18:30:01] === Aprovação automática de reservas ===
[04/08/2026 18:30:01] Hora atual: 18:30:01 | Janela: até 20:30:01
[04/08/2026 18:30:01] Nenhuma reserva aguardando na janela [18:30:01 - 20:30:01].
[04/08/2026 19:00:01] === Aprovação automática de reservas ===
[04/08/2026 19:00:01] Hora atual: 19:00:01 | Janela: até 21:00:01
[04/08/2026 19:00:01] Nenhuma reserva aguardando na janela [19:00:01 - 21:00:01].
[04/08/2026 19:30:01] === Aprovação automática de reservas ===
[04/08/2026 19:30:01] Hora atual: 19:30:01 | Janela: até 21:30:01
[04/08/2026 19:30:01] Nenhuma reserva aguardando na janela [19:30:01 - 21:30:01].
[04/08/2026 20:00:01] === Aprovação automática de reservas ===
[04/08/2026 20:00:01] Hora atual: 20:00:01 | Janela: até 22:00:01
[04/08/2026 20:00:01] Nenhuma reserva aguardando na janela [20:00:01 - 22:00:01].
[04/08/2026 20:30:01] === Aprovação automática de reservas ===
[04/08/2026 20:30:01] Hora atual: 20:30:01 | Janela: até 22:30:01
[04/08/2026 20:30:01] Nenhuma reserva aguardando na janela [20:30:01 - 22:30:01].
[04/08/2026 21:00:01] === Aprovação automática de reservas ===
[04/08/2026 21:00:01] Hora atual: 21:00:01 | Janela: até 23:00:01
[04/08/2026 21:00:01] Nenhuma reserva aguardando na janela [21:00:01 - 23:00:01].
[04/08/2026 21:30:01] === Aprovação automática de reservas ===
[04/08/2026 21:30:01] Hora atual: 21:30:01 | Janela: até 23:30:01
[04/08/2026 21:30:01] Nenhuma reserva aguardando na janela [21:30:01 - 23:30:01].
[04/08/2026 22:00:01] === Aprovação automática de reservas ===
[04/08/2026 22:00:01] Hora atual: 22:00:01 | Janela: até 00:00:01
[04/08/2026 22:00:01] Nenhuma reserva aguardando na janela [22:00:01 - 00:00:01].
[04/08/2026 22:30:01] === Aprovação automática de reservas ===
[04/08/2026 22:30:01] Hora atual: 22:30:01 | Janela: até 00:30:01
[04/08/2026 22:30:01] Nenhuma reserva aguardando na janela [22:30:01 - 00:30:01].
[04/08/2026 23:00:01] === Aprovação automática de reservas ===
[04/08/2026 23:00:01] Hora atual: 23:00:01 | Janela: até 01:00:01
[04/08/2026 23:00:01] Nenhuma reserva aguardando na janela [23:00:01 - 01:00:01].
[04/08/2026 23:30:01] === Aprovação automática de reservas ===
[04/08/2026 23:30:01] Hora atual: 23:30:01 | Janela: até 01:30:01
[04/08/2026 23:30:01] Nenhuma reserva aguardando na janela [23:30:01 - 01:30:01].
[05/08/2026 00:00:01] === Aprovação automática de reservas ===
[05/08/2026 00:00:01] Hora atual: 00:00:01 | Janela: até 02:00:01
[05/08/2026 00:00:01] Nenhuma reserva aguardando na janela [00:00:01 - 02:00:01].
